[INFO] Scanning for projects...
[INFO] 
[INFO] -------------------< com.urlshortener:url-shortener >-------------------
[INFO] Building url-shortener 0.0.1-SNAPSHOT
[INFO]   from pom.xml
[INFO] --------------------------------[ jar ]---------------------------------
[INFO] 
[INFO] --- resources:3.3.1:resources (default-resources) @ url-shortener ---
[INFO] Copying 2 resources from src\main\resources to target\classes
[INFO] Copying 0 resource from src\main\resources to target\classes
[INFO] 
[INFO] --- compiler:3.11.0:compile (default-compile) @ url-shortener ---
[INFO] Nothing to compile - all classes are up to date
[INFO] 
[INFO] --- resources:3.3.1:testResources (default-testResources) @ url-shortener ---
[INFO] Copying 1 resource from src\test\resources to target\test-classes
[INFO] 
[INFO] --- compiler:3.11.0:testCompile (default-testCompile) @ url-shortener ---
[INFO] Nothing to compile - all classes are up to date
[INFO] 
[INFO] --- surefire:3.1.2:test (default-test) @ url-shortener ---
[INFO] Using auto detected provider org.apache.maven.surefire.junitplatform.JUnitPlatformProvider
[INFO] 
[INFO] -------------------------------------------------------
[INFO]  T E S T S
[INFO] -------------------------------------------------------
[INFO] Running com.urlshortener.UrlShortenerIntegrationTest
18:04:28.781 [main] INFO org.springframework.test.context.support.AnnotationConfigContextLoaderUtils -- Could not detect default configuration classes for test class [com.urlshortener.UrlShortenerIntegrationTest]: UrlShortenerIntegrationTest does not declare any static, non-private, non-final, nested classes annotated with @Configuration.
18:04:28.905 [main] INFO org.springframework.boot.test.context.SpringBootTestContextBootstrapper -- Found @SpringBootConfiguration com.urlshortener.UrlShortenerApplication for test class com.urlshortener.UrlShortenerIntegrationTest

  .   ____          _            __ _ _
 /\\ / ___'_ __ _ _(_)_ __  __ _ \ \ \ \
( ( )\___ | '_ | '_| | '_ \/ _` | \ \ \ \
 \\/  ___)| |_)| | | | | || (_| |  ) ) ) )
  '  |____| .__|_| |_|_| |_\__, | / / / /
 =========|_|==============|___/=/_/_/_/
 :: Spring Boot ::                (v3.2.2)

2026-01-31T18:04:29.361+05:30  INFO 18760 --- [           main] c.u.UrlShortenerIntegrationTest          : Starting UrlShortenerIntegrationTest using Java 17.0.12 with PID 18760 (started by RAKESH PATEL in D:\ROSHNI\AI-Projects\URL-sortner)
2026-01-31T18:04:29.363+05:30  INFO 18760 --- [           main] c.u.UrlShortenerIntegrationTest          : No active profile set, falling back to 1 default profile: "default"
2026-01-31T18:04:30.063+05:30  INFO 18760 --- [           main] .s.d.r.c.RepositoryConfigurationDelegate : Bootstrapping Spring Data JPA repositories in DEFAULT mode.
2026-01-31T18:04:30.113+05:30  INFO 18760 --- [           main] .s.d.r.c.RepositoryConfigurationDelegate : Finished Spring Data repository scanning in 43 ms. Found 1 JPA repository interface.
2026-01-31T18:04:30.570+05:30  INFO 18760 --- [           main] o.hibernate.jpa.internal.util.LogHelper  : HHH000204: Processing PersistenceUnitInfo [name: default]
2026-01-31T18:04:30.631+05:30  INFO 18760 --- [           main] org.hibernate.Version                    : HHH000412: Hibernate ORM core version 6.4.1.Final
2026-01-31T18:04:30.678+05:30  INFO 18760 --- [           main] o.h.c.internal.RegionFactoryInitiator    : HHH000026: Second-level cache disabled
2026-01-31T18:04:30.927+05:30  INFO 18760 --- [           main] o.s.o.j.p.SpringPersistenceUnitInfo      : No LoadTimeWeaver setup: ignoring JPA class transformer
2026-01-31T18:04:30.958+05:30  INFO 18760 --- [           main] com.zaxxer.hikari.HikariDataSource       : HikariPool-1 - Starting...
2026-01-31T18:04:31.215+05:30  INFO 18760 --- [           main] com.zaxxer.hikari.pool.HikariPool        : HikariPool-1 - Added connection conn0: url=jdbc:h2:mem:testdb user=SA
2026-01-31T18:04:31.218+05:30  INFO 18760 --- [           main] com.zaxxer.hikari.HikariDataSource       : HikariPool-1 - Start completed.
2026-01-31T18:04:31.261+05:30  WARN 18760 --- [           main] org.hibernate.orm.deprecation            : HHH90000025: H2Dialect does not need to be specified explicitly using 'hibernate.dialect' (remove the property setting and it will be selected by default)
2026-01-31T18:04:32.835+05:30  INFO 18760 --- [           main] o.h.e.t.j.p.i.JtaPlatformInitiator       : HHH000489: No JTA platform available (set 'hibernate.transaction.jta.platform' to enable JTA platform integration)
Hibernate: drop table if exists url_mappings cascade 
Hibernate: create table url_mappings (click_count integer not null, created_at timestamp(6) not null, id bigint generated by default as identity, short_code varchar(10) not null unique, original_url varchar(2048) not null, primary key (id))
2026-01-31T18:04:32.919+05:30  INFO 18760 --- [           main] j.LocalContainerEntityManagerFactoryBean : Initialized JPA EntityManagerFactory for persistence unit 'default'
2026-01-31T18:04:33.551+05:30  WARN 18760 --- [           main] JpaBaseConfiguration$JpaWebConfiguration : spring.jpa.open-in-view is enabled by default. Therefore, database queries may be performed during view rendering. Explicitly configure spring.jpa.open-in-view to disable this warning
2026-01-31T18:04:33.940+05:30  INFO 18760 --- [           main] o.s.b.t.m.w.SpringBootMockServletContext : Initializing Spring TestDispatcherServlet ''
2026-01-31T18:04:33.941+05:30  INFO 18760 --- [           main] o.s.t.web.servlet.TestDispatcherServlet  : Initializing Servlet ''
2026-01-31T18:04:33.943+05:30  INFO 18760 --- [           main] o.s.t.web.servlet.TestDispatcherServlet  : Completed initialization in 0 ms
2026-01-31T18:04:33.962+05:30  INFO 18760 --- [           main] c.u.UrlShortenerIntegrationTest          : Started UrlShortenerIntegrationTest in 4.837 seconds (process running for 5.905)
Hibernate: select um1_0.id,um1_0.click_count,um1_0.created_at,um1_0.original_url,um1_0.short_code from url_mappings um1_0
Hibernate: insert into url_mappings (click_count,created_at,original_url,short_code,id) values (?,?,?,?,default)
Hibernate: select um1_0.id,um1_0.click_count,um1_0.created_at,um1_0.original_url,um1_0.short_code from url_mappings um1_0 where um1_0.short_code=?
Hibernate: update url_mappings set click_count=?,created_at=?,original_url=?,short_code=? where id=?
Hibernate: select um1_0.id,um1_0.click_count,um1_0.created_at,um1_0.original_url,um1_0.short_code from url_mappings um1_0
Hibernate: delete from url_mappings where id=?
Hibernate: select um1_0.id,um1_0.click_count,um1_0.created_at,um1_0.original_url,um1_0.short_code from url_mappings um1_0 where um1_0.original_url=?
Hibernate: select um1_0.id,um1_0.click_count,um1_0.created_at,um1_0.original_url,um1_0.short_code from url_mappings um1_0 where um1_0.short_code=?
Hibernate: insert into url_mappings (click_count,created_at,original_url,short_code,id) values (?,?,?,?,default)

MockHttpServletRequest:
      HTTP Method = POST
      Request URI = /api/shorten
       Parameters = {}
          Headers = [Content-Type:"application/json;charset=UTF-8", Content-Length:"39"]
             Body = {"longUrl":"https://www.instagram.com"}
    Session Attrs = {}

Handler:
             Type = com.urlshortener.controller.UrlShortenerController
           Method = com.urlshortener.controller.UrlShortenerController#shortenUrl(UrlRequest, HttpServletRequest)

Async:
    Async started = false
     Async result = null

Resolved Exception:
             Type = null

ModelAndView:
        View name = null
             View = null
            Model = null

FlashMap:
       Attributes = null

MockHttpServletResponse:
           Status = 200
    Error message = null
          Headers = [Content-Type:"application/json"]
     Content type = application/json
             Body = {"originalUrl":"https://www.instagram.com","shortUrl":"http://localhost/rvMJSF","shortCode":"rvMJSF","createdAt":"2026-01-31T18:04:34.8838834","clickCount":0}
    Forwarded URL = null
   Redirected URL = null
          Cookies = []
Hibernate: select um1_0.id,um1_0.click_count,um1_0.created_at,um1_0.original_url,um1_0.short_code from url_mappings um1_0
Hibernate: delete from url_mappings where id=?
[INFO] Tests run: 3, Failures: 0, Errors: 0, Skipped: 0, Time elapsed: 6.329 s -- in com.urlshortener.UrlShortenerIntegrationTest
[INFO] 
[INFO] Results:
[INFO] 
[INFO] Tests run: 3, Failures: 0, Errors: 0, Skipped: 0
[INFO] 
[INFO] ------------------------------------------------------------------------
[INFO] BUILD SUCCESS
[INFO] ------------------------------------------------------------------------
[INFO] Total time:  8.810 s
[INFO] Finished at: 2026-01-31T18:04:35+05:30
[INFO] ------------------------------------------------------------------------
